Command: C:\Users\patri\OneDrive\Desktop\trader-helper-bing\.venv\Scripts\python.exe C:\Users\patri\OneDrive\Desktop\trader-helper-bing\CONUSDash\RegionalDash\run_dashboard.py --public-dir C:\Users\patri\OneDrive\Desktop\trader-helper-bing\INFO\PUBLICOUTPUT --use-ice
Started UTC: 2026-04-28T15:22:33.447026+00:00
Finished UTC: 2026-04-28T15:27:46.451279+00:00
Return code: 0

=== STDOUT ===


=== STDERR ===
2026-04-28 11:22:35 | INFO | regional_dash | Repo root: C:\Users\patri\OneDrive\Desktop\trader-helper-bing
2026-04-28 11:22:35 | INFO | regional_dash | INFO dir: C:\Users\patri\OneDrive\Desktop\trader-helper-bing\INFO
2026-04-28 11:22:35 | INFO | regional_dash | Internal output dir: C:\Users\patri\OneDrive\Desktop\trader-helper-bing\CONUSDash\RegionalDash\OUTPUT
2026-04-28 11:22:35 | INFO | regional_dash | Public output root: C:\Users\patri\OneDrive\Desktop\trader-helper-bing\INFO\PUBLICOUTPUT
2026-04-28 11:22:35 | INFO | regional_dash | Public dashboard HTML: C:\Users\patri\OneDrive\Desktop\trader-helper-bing\INFO\PUBLICOUTPUT\RegionalDash.html
2026-04-28 11:22:35 | INFO | regional_dash | Public asset dir: C:\Users\patri\OneDrive\Desktop\trader-helper-bing\INFO\PUBLICOUTPUT\RegionalDash
2026-04-28 11:22:35 | INFO | regional_dash | ICE-dependent charts enabled: True
2026-04-28 11:22:36 | INFO | regional_dash | Loaded WEATHER.csv                  rows=637812 (raw=637812) range=2010-01-01..2026-04-27
2026-04-28 11:22:36 | INFO | regional_dash | Loaded WEATHERforecast.csv          rows=1605 (raw=1605) range=2026-04-28..2026-05-12
2026-04-28 11:22:36 | INFO | regional_dash | Loaded Fundy.csv                    rows=420746 (raw=420746) range=2010-01-01..2026-04-28
2026-04-28 11:22:36 | INFO | regional_dash | Loaded FundyForecast.csv            rows=3810 (raw=3810) range=2026-04-28..2026-06-30
2026-04-28 11:22:36 | INFO | regional_dash | Loaded PlattsPowerFundy.csv         rows=294768 (raw=294768) range=2015-01-01..2026-04-23
2026-04-28 11:22:36 | INFO | regional_dash | Loaded CriterionLNGHist.csv         rows=37224 (raw=37224) range=2015-01-01..2026-04-28
2026-04-28 11:22:36 | INFO | regional_dash | Loaded CriterionLNGForecast.csv     rows=540 (raw=540) range=2026-04-29..2026-06-27
2026-04-28 11:22:36 | INFO | regional_dash | Loaded CriterionNuclearHist.csv     rows=237015 (raw=237015) range=2015-01-01..2026-04-27
2026-04-28 11:22:36 | INFO | regional_dash | Loaded CriterionNuclearForecast.csv rows=13338 (raw=13338) range=2026-04-29..2026-12-31
2026-04-28 11:22:36 | INFO | regional_dash | Loaded EIAtotals.csv                rows=851 (raw=851) range=2010-01-01..2026-04-17
2026-04-28 11:22:37 | INFO | regional_dash | Combined WEATHER_for_mapping rows=639417 range=2010-01-01..2026-05-12
2026-04-28 11:22:37 | INFO | regional_dash | Loaded optional city_population_weights.csv with 107 rows.
2026-04-28 11:22:37 | INFO | regional_dash | Combined WEATHER rows=639417 range=2010-01-01..2026-05-12
2026-04-28 11:22:38 | INFO | regional_dash | Power ISO exclusions: {'excluded_canada_default': 32903}
2026-04-28 11:22:38 | INFO | regional_dash | Power ThermalGap formula usage for Midwest: {'peakload_minus_renewables_plus_nuclear': 4131}
2026-04-28 11:22:38 | INFO | regional_dash | Power ThermalGap formula usage for Northeast: {'peakload_minus_renewables_plus_nuclear': 4131}
2026-04-28 11:22:38 | INFO | regional_dash | Power ThermalGap formula usage for Pacific: {'peakload_minus_renewables_plus_nuclear': 4131}
2026-04-28 11:22:38 | INFO | regional_dash | Power ThermalGap formula usage for South Central: {'peakload_minus_renewables_plus_nuclear': 4131}
2026-04-28 11:22:38 | INFO | regional_dash | Combined Fundy rows=424556 range=2010-01-01..2026-06-30
2026-04-28 11:22:39 | INFO | regional_dash | Combined LNG rows=37764 range=2015-01-01..2026-06-27
2026-04-28 11:22:39 | INFO | regional_dash | Combined Nuclear rows=250353 range=2015-01-01..2026-12-31
2026-04-28 11:22:50 | INFO | regional_dash | Weekly storage East series copied to Northeast and Southeast (1702 derived rows).
2026-04-28 11:22:50 | INFO | regional_dash | Skipping ThermalGapSpike for Lower48 (insufficient history).
2026-04-28 11:22:50 | INFO | regional_dash | Skipping NuclearVulnerability for Lower48 (insufficient history).
2026-04-28 11:22:50 | INFO | regional_dash | Skipping WeatherDemandShock for Lower48 (insufficient history).
2026-04-28 11:22:50 | INFO | regional_dash | Skipping ThermalGapSpike for Southeast (insufficient history).
2026-04-28 11:22:50 | INFO | regional_dash | Skipping NuclearVulnerability for Southeast (insufficient history).
2026-04-28 11:22:50 | INFO | regional_dash | Skipping ThermalGapSpike for Rockies (insufficient history).
2026-04-28 11:22:53 | INFO | regional_dash | Wrote outputs in C:\Users\patri\OneDrive\Desktop\trader-helper-bing\CONUSDash\RegionalDash\OUTPUT
2026-04-28 11:22:55 | INFO | regional_dash | Platts gas share rows=57453 iso_count=7 range=2015-01-01..2026-04-23
2026-04-28 11:22:55 | INFO | regional_dash | [Lower48|Power] filtered rows=4150
2026-04-28 11:22:55 | INFO | regional_dash | [Lower48|Power] filtered date range=2015-01-01..2026-05-12
2026-04-28 11:22:55 | INFO | regional_dash | [Lower48|Power] 3 months chosen: Apr-2026, May-2026, Jun-2026
2026-04-28 11:22:55 | INFO | regional_dash | [Lower48|Power] current_week_end=2026-05-04, plotted week_ends=2026-02-16..2026-07-27
2026-04-28 11:22:55 | INFO | regional_dash | [Lower48|ResCom] filtered rows=4150
2026-04-28 11:22:55 | INFO | regional_dash | [Lower48|ResCom] filtered date range=2015-01-01..2026-05-12
2026-04-28 11:22:55 | INFO | regional_dash | [Lower48|ResCom] 3 months chosen: Apr-2026, May-2026, Jun-2026
2026-04-28 11:22:55 | INFO | regional_dash | [Lower48|ResCom] current_week_end=2026-05-04, plotted week_ends=2026-02-16..2026-07-27
2026-04-28 11:22:56 | INFO | regional_dash | [Lower48|Prod] filtered rows=4199
2026-04-28 11:22:56 | INFO | regional_dash | [Lower48|Prod] filtered date range=2015-01-01..2026-06-30
2026-04-28 11:22:56 | INFO | regional_dash | [Lower48|Prod] 3 months chosen: Apr-2026, May-2026, Jun-2026
2026-04-28 11:22:56 | INFO | regional_dash | [Lower48|Prod] current_week_end=2026-05-04, plotted week_ends=2026-02-16..2026-07-27
2026-04-28 11:22:56 | INFO | regional_dash | [Lower48|Balance] filtered rows=3238
2026-04-28 11:22:56 | INFO | regional_dash | [Lower48|Balance] filtered date range=2017-07-01..2026-05-12
2026-04-28 11:22:56 | INFO | regional_dash | [Lower48|Balance] 3 months chosen: Apr-2026, May-2026, Jun-2026
2026-04-28 11:22:56 | INFO | regional_dash | [Lower48|Balance] current_week_end=2026-05-04, plotted week_ends=2026-02-16..2026-07-27
2026-04-28 11:22:56 | INFO | regional_dash | [Lower48|ISO Power Gas Share (NG/TotalGen %)] iso charts=7
2026-04-28 11:22:56 | INFO | regional_dash | [Lower48|CAISO] filtered rows=4126
2026-04-28 11:22:56 | INFO | regional_dash | [Lower48|CAISO] filtered date range=2015-01-01..2026-04-23
2026-04-28 11:22:56 | INFO | regional_dash | [Lower48|CAISO] 3 months chosen: Apr-2026, May-2026, Jun-2026
2026-04-28 11:22:56 | INFO | regional_dash | [Lower48|CAISO] current_week_end=2026-05-04, plotted week_ends=2026-02-16..2026-07-27
2026-04-28 11:22:57 | INFO | regional_dash | [Lower48|ERCOT] filtered rows=2832
2026-04-28 11:22:57 | INFO | regional_dash | [Lower48|ERCOT] filtered date range=2018-07-02..2026-04-22
2026-04-28 11:22:57 | INFO | regional_dash | [Lower48|ERCOT] 3 months chosen: Apr-2026, May-2026, Jun-2026
2026-04-28 11:22:57 | INFO | regional_dash | [Lower48|ERCOT] current_week_end=2026-05-04, plotted week_ends=2026-02-16..2026-07-27
2026-04-28 11:22:57 | INFO | regional_dash | [Lower48|ISONE] filtered rows=4099
2026-04-28 11:22:57 | INFO | regional_dash | [Lower48|ISONE] filtered date range=2015-01-01..2026-04-19
2026-04-28 11:22:57 | INFO | regional_dash | [Lower48|ISONE] 3 months chosen: Apr-2026, May-2026, Jun-2026
2026-04-28 11:22:57 | INFO | regional_dash | [Lower48|ISONE] current_week_end=2026-05-04, plotted week_ends=2026-02-16..2026-07-27
2026-04-28 11:22:57 | INFO | regional_dash | [Lower48|MISO] filtered rows=3923
2026-04-28 11:22:57 | INFO | regional_dash | [Lower48|MISO] filtered date range=2015-07-26..2026-04-23
2026-04-28 11:22:57 | INFO | regional_dash | [Lower48|MISO] 3 months chosen: Apr-2026, May-2026, Jun-2026
2026-04-28 11:22:57 | INFO | regional_dash | [Lower48|MISO] current_week_end=2026-05-04, plotted week_ends=2026-02-16..2026-07-27
2026-04-28 11:22:57 | INFO | regional_dash | [Lower48|NYISO] filtered rows=3788
2026-04-28 11:22:57 | INFO | regional_dash | [Lower48|NYISO] filtered date range=2015-12-09..2026-04-23
2026-04-28 11:22:57 | INFO | regional_dash | [Lower48|NYISO] 3 months chosen: Apr-2026, May-2026, Jun-2026
2026-04-28 11:22:57 | INFO | regional_dash | [Lower48|NYISO] current_week_end=2026-05-04, plotted week_ends=2026-02-16..2026-07-27
2026-04-28 11:22:57 | INFO | regional_dash | [Lower48|PJM] filtered rows=3762
2026-04-28 11:22:57 | INFO | regional_dash | [Lower48|PJM] filtered date range=2016-01-01..2026-04-23
2026-04-28 11:22:57 | INFO | regional_dash | [Lower48|PJM] 3 months chosen: Apr-2026, May-2026, Jun-2026
2026-04-28 11:22:57 | INFO | regional_dash | [Lower48|PJM] current_week_end=2026-05-04, plotted week_ends=2026-02-16..2026-07-27
2026-04-28 11:22:58 | INFO | regional_dash | [Lower48|SPP] filtered rows=4131
2026-04-28 11:22:58 | INFO | regional_dash | [Lower48|SPP] filtered date range=2015-01-01..2026-04-23
2026-04-28 11:22:58 | INFO | regional_dash | [Lower48|SPP] 3 months chosen: Apr-2026, May-2026, Jun-2026
2026-04-28 11:22:58 | INFO | regional_dash | [Lower48|SPP] current_week_end=2026-05-04, plotted week_ends=2026-02-16..2026-07-27
2026-04-28 11:22:58 | INFO | regional_dash | [Northeast|Power] filtered rows=4150
2026-04-28 11:22:58 | INFO | regional_dash | [Northeast|Power] filtered date range=2015-01-01..2026-05-12
2026-04-28 11:22:58 | INFO | regional_dash | [Northeast|Power] 3 months chosen: Apr-2026, May-2026, Jun-2026
2026-04-28 11:22:58 | INFO | regional_dash | [Northeast|Power] current_week_end=2026-05-04, plotted week_ends=2026-02-16..2026-07-27
2026-04-28 11:22:58 | INFO | regional_dash | [Northeast|ResCom] filtered rows=4150
2026-04-28 11:22:58 | INFO | regional_dash | [Northeast|ResCom] filtered date range=2015-01-01..2026-05-12
2026-04-28 11:22:58 | INFO | regional_dash | [Northeast|ResCom] 3 months chosen: Apr-2026, May-2026, Jun-2026
2026-04-28 11:22:58 | INFO | regional_dash | [Northeast|ResCom] current_week_end=2026-05-04, plotted week_ends=2026-02-16..2026-07-27
2026-04-28 11:22:59 | INFO | regional_dash | [Northeast|Prod] filtered rows=4199
2026-04-28 11:22:59 | INFO | regional_dash | [Northeast|Prod] filtered date range=2015-01-01..2026-06-30
2026-04-28 11:22:59 | INFO | regional_dash | [Northeast|Prod] 3 months chosen: Apr-2026, May-2026, Jun-2026
2026-04-28 11:22:59 | INFO | regional_dash | [Northeast|Prod] current_week_end=2026-05-04, plotted week_ends=2026-02-16..2026-07-27
2026-04-28 11:22:59 | INFO | regional_dash | [Northeast|Balance] filtered rows=4199
2026-04-28 11:22:59 | INFO | regional_dash | [Northeast|Balance] filtered date range=2015-01-01..2026-06-30
2026-04-28 11:22:59 | INFO | regional_dash | [Northeast|Balance] 3 months chosen: Apr-2026, May-2026, Jun-2026
2026-04-28 11:22:59 | INFO | regional_dash | [Northeast|Balance] current_week_end=2026-05-04, plotted week_ends=2026-02-16..2026-07-27
2026-04-28 11:22:59 | INFO | regional_dash | [Northeast|ISO Power Gas Share (NG/TotalGen %)] iso charts=3
2026-04-28 11:22:59 | INFO | regional_dash | [Northeast|ISONE] filtered rows=4099
2026-04-28 11:22:59 | INFO | regional_dash | [Northeast|ISONE] filtered date range=2015-01-01..2026-04-19
2026-04-28 11:22:59 | INFO | regional_dash | [Northeast|ISONE] 3 months chosen: Apr-2026, May-2026, Jun-2026
2026-04-28 11:22:59 | INFO | regional_dash | [Northeast|ISONE] current_week_end=2026-05-04, plotted week_ends=2026-02-16..2026-07-27
2026-04-28 11:22:59 | INFO | regional_dash | [Northeast|NYISO] filtered rows=3788
2026-04-28 11:22:59 | INFO | regional_dash | [Northeast|NYISO] filtered date range=2015-12-09..2026-04-23
2026-04-28 11:22:59 | INFO | regional_dash | [Northeast|NYISO] 3 months chosen: Apr-2026, May-2026, Jun-2026
2026-04-28 11:22:59 | INFO | regional_dash | [Northeast|NYISO] current_week_end=2026-05-04, plotted week_ends=2026-02-16..2026-07-27
2026-04-28 11:23:00 | INFO | regional_dash | [Northeast|PJM] filtered rows=3762
2026-04-28 11:23:00 | INFO | regional_dash | [Northeast|PJM] filtered date range=2016-01-01..2026-04-23
2026-04-28 11:23:00 | INFO | regional_dash | [Northeast|PJM] 3 months chosen: Apr-2026, May-2026, Jun-2026
2026-04-28 11:23:00 | INFO | regional_dash | [Northeast|PJM] current_week_end=2026-05-04, plotted week_ends=2026-02-16..2026-07-27
2026-04-28 11:23:00 | INFO | regional_dash | [Southeast|Power] filtered rows=4150
2026-04-28 11:23:00 | INFO | regional_dash | [Southeast|Power] filtered date range=2015-01-01..2026-05-12
2026-04-28 11:23:00 | INFO | regional_dash | [Southeast|Power] 3 months chosen: Apr-2026, May-2026, Jun-2026
2026-04-28 11:23:00 | INFO | regional_dash | [Southeast|Power] current_week_end=2026-05-04, plotted week_ends=2026-02-16..2026-07-27
2026-04-28 11:23:00 | INFO | regional_dash | [Southeast|ResCom] filtered rows=4150
2026-04-28 11:23:00 | INFO | regional_dash | [Southeast|ResCom] filtered date range=2015-01-01..2026-05-12
2026-04-28 11:23:00 | INFO | regional_dash | [Southeast|ResCom] 3 months chosen: Apr-2026, May-2026, Jun-2026
2026-04-28 11:23:00 | INFO | regional_dash | [Southeast|ResCom] current_week_end=2026-05-04, plotted week_ends=2026-02-16..2026-07-27
2026-04-28 11:23:01 | INFO | regional_dash | [Southeast|Prod] filtered rows=3834
2026-04-28 11:23:01 | INFO | regional_dash | [Southeast|Prod] filtered date range=2016-01-01..2026-06-30
2026-04-28 11:23:01 | INFO | regional_dash | [Southeast|Prod] 3 months chosen: Apr-2026, May-2026, Jun-2026
2026-04-28 11:23:01 | INFO | regional_dash | [Southeast|Prod] current_week_end=2026-05-04, plotted week_ends=2026-02-16..2026-07-27
2026-04-28 11:23:01 | INFO | regional_dash | [Southeast|Balance] filtered rows=4199
2026-04-28 11:23:01 | INFO | regional_dash | [Southeast|Balance] filtered date range=2015-01-01..2026-06-30
2026-04-28 11:23:01 | INFO | regional_dash | [Southeast|Balance] 3 months chosen: Apr-2026, May-2026, Jun-2026
2026-04-28 11:23:01 | INFO | regional_dash | [Southeast|Balance] current_week_end=2026-05-04, plotted week_ends=2026-02-16..2026-07-27
2026-04-28 11:23:01 | INFO | regional_dash | [Southeast|ISO Power Gas Share (NG/TotalGen %)] iso charts=0
2026-04-28 11:23:01 | INFO | regional_dash | [Midwest|Power] filtered rows=4150
2026-04-28 11:23:01 | INFO | regional_dash | [Midwest|Power] filtered date range=2015-01-01..2026-05-12
2026-04-28 11:23:01 | INFO | regional_dash | [Midwest|Power] 3 months chosen: Apr-2026, May-2026, Jun-2026
2026-04-28 11:23:01 | INFO | regional_dash | [Midwest|Power] current_week_end=2026-05-04, plotted week_ends=2026-02-16..2026-07-27
2026-04-28 11:23:01 | INFO | regional_dash | [Midwest|ResCom] filtered rows=4150
2026-04-28 11:23:01 | INFO | regional_dash | [Midwest|ResCom] filtered date range=2015-01-01..2026-05-12
2026-04-28 11:23:01 | INFO | regional_dash | [Midwest|ResCom] 3 months chosen: Apr-2026, May-2026, Jun-2026
2026-04-28 11:23:01 | INFO | regional_dash | [Midwest|ResCom] current_week_end=2026-05-04, plotted week_ends=2026-02-16..2026-07-27
2026-04-28 11:23:02 | INFO | regional_dash | [Midwest|Prod] filtered rows=3834
2026-04-28 11:23:02 | INFO | regional_dash | [Midwest|Prod] filtered date range=2016-01-01..2026-06-30
2026-04-28 11:23:02 | INFO | regional_dash | [Midwest|Prod] 3 months chosen: Apr-2026, May-2026, Jun-2026
2026-04-28 11:23:02 | INFO | regional_dash | [Midwest|Prod] current_week_end=2026-05-04, plotted week_ends=2026-02-16..2026-07-27
2026-04-28 11:23:02 | INFO | regional_dash | [Midwest|Balance] filtered rows=4199
2026-04-28 11:23:02 | INFO | regional_dash | [Midwest|Balance] filtered date range=2015-01-01..2026-06-30
2026-04-28 11:23:02 | INFO | regional_dash | [Midwest|Balance] 3 months chosen: Apr-2026, May-2026, Jun-2026
2026-04-28 11:23:02 | INFO | regional_dash | [Midwest|Balance] current_week_end=2026-05-04, plotted week_ends=2026-02-16..2026-07-27
2026-04-28 11:23:02 | INFO | regional_dash | [Midwest|ISO Power Gas Share (NG/TotalGen %)] iso charts=2
2026-04-28 11:23:02 | INFO | regional_dash | [Midwest|MISO] filtered rows=3923
2026-04-28 11:23:02 | INFO | regional_dash | [Midwest|MISO] filtered date range=2015-07-26..2026-04-23
2026-04-28 11:23:02 | INFO | regional_dash | [Midwest|MISO] 3 months chosen: Apr-2026, May-2026, Jun-2026
2026-04-28 11:23:02 | INFO | regional_dash | [Midwest|MISO] current_week_end=2026-05-04, plotted week_ends=2026-02-16..2026-07-27
2026-04-28 11:23:03 | INFO | regional_dash | [Midwest|SPP] filtered rows=4131
2026-04-28 11:23:03 | INFO | regional_dash | [Midwest|SPP] filtered date range=2015-01-01..2026-04-23
2026-04-28 11:23:03 | INFO | regional_dash | [Midwest|SPP] 3 months chosen: Apr-2026, May-2026, Jun-2026
2026-04-28 11:23:03 | INFO | regional_dash | [Midwest|SPP] current_week_end=2026-05-04, plotted week_ends=2026-02-16..2026-07-27
2026-04-28 11:23:03 | INFO | regional_dash | [Rockies|Power] filtered rows=4150
2026-04-28 11:23:03 | INFO | regional_dash | [Rockies|Power] filtered date range=2015-01-01..2026-05-12
2026-04-28 11:23:03 | INFO | regional_dash | [Rockies|Power] 3 months chosen: Apr-2026, May-2026, Jun-2026
2026-04-28 11:23:03 | INFO | regional_dash | [Rockies|Power] current_week_end=2026-05-04, plotted week_ends=2026-02-16..2026-07-27
2026-04-28 11:23:03 | INFO | regional_dash | [Rockies|ResCom] filtered rows=4150
2026-04-28 11:23:03 | INFO | regional_dash | [Rockies|ResCom] filtered date range=2015-01-01..2026-05-12
2026-04-28 11:23:03 | INFO | regional_dash | [Rockies|ResCom] 3 months chosen: Apr-2026, May-2026, Jun-2026
2026-04-28 11:23:03 | INFO | regional_dash | [Rockies|ResCom] current_week_end=2026-05-04, plotted week_ends=2026-02-16..2026-07-27
2026-04-28 11:23:04 | INFO | regional_dash | [Rockies|Prod] filtered rows=4199
2026-04-28 11:23:04 | INFO | regional_dash | [Rockies|Prod] filtered date range=2015-01-01..2026-06-30
2026-04-28 11:23:04 | INFO | regional_dash | [Rockies|Prod] 3 months chosen: Apr-2026, May-2026, Jun-2026
2026-04-28 11:23:04 | INFO | regional_dash | [Rockies|Prod] current_week_end=2026-05-04, plotted week_ends=2026-02-16..2026-07-27
2026-04-28 11:23:04 | INFO | regional_dash | [Rockies|Balance] filtered rows=4199
2026-04-28 11:23:04 | INFO | regional_dash | [Rockies|Balance] filtered date range=2015-01-01..2026-06-30
2026-04-28 11:23:04 | INFO | regional_dash | [Rockies|Balance] 3 months chosen: Apr-2026, May-2026, Jun-2026
2026-04-28 11:23:04 | INFO | regional_dash | [Rockies|Balance] current_week_end=2026-05-04, plotted week_ends=2026-02-16..2026-07-27
2026-04-28 11:23:04 | INFO | regional_dash | [Rockies|ISO Power Gas Share (NG/TotalGen %)] iso charts=0
2026-04-28 11:23:04 | INFO | regional_dash | [Pacific|Power] filtered rows=4150
2026-04-28 11:23:04 | INFO | regional_dash | [Pacific|Power] filtered date range=2015-01-01..2026-05-12
2026-04-28 11:23:04 | INFO | regional_dash | [Pacific|Power] 3 months chosen: Apr-2026, May-2026, Jun-2026
2026-04-28 11:23:04 | INFO | regional_dash | [Pacific|Power] current_week_end=2026-05-04, plotted week_ends=2026-02-16..2026-07-27
2026-04-28 11:23:05 | INFO | regional_dash | [Pacific|ResCom] filtered rows=4150
2026-04-28 11:23:05 | INFO | regional_dash | [Pacific|ResCom] filtered date range=2015-01-01..2026-05-12
2026-04-28 11:23:05 | INFO | regional_dash | [Pacific|ResCom] 3 months chosen: Apr-2026, May-2026, Jun-2026
2026-04-28 11:23:05 | INFO | regional_dash | [Pacific|ResCom] current_week_end=2026-05-04, plotted week_ends=2026-02-16..2026-07-27
2026-04-28 11:23:05 | INFO | regional_dash | [Pacific|Prod] filtered rows=4199
2026-04-28 11:23:05 | INFO | regional_dash | [Pacific|Prod] filtered date range=2015-01-01..2026-06-30
2026-04-28 11:23:05 | INFO | regional_dash | [Pacific|Prod] 3 months chosen: Apr-2026, May-2026, Jun-2026
2026-04-28 11:23:05 | INFO | regional_dash | [Pacific|Prod] current_week_end=2026-05-04, plotted week_ends=2026-02-16..2026-07-27
2026-04-28 11:23:05 | INFO | regional_dash | [Pacific|Balance] filtered rows=4199
2026-04-28 11:23:05 | INFO | regional_dash | [Pacific|Balance] filtered date range=2015-01-01..2026-06-30
2026-04-28 11:23:05 | INFO | regional_dash | [Pacific|Balance] 3 months chosen: Apr-2026, May-2026, Jun-2026
2026-04-28 11:23:05 | INFO | regional_dash | [Pacific|Balance] current_week_end=2026-05-04, plotted week_ends=2026-02-16..2026-07-27
2026-04-28 11:23:06 | INFO | regional_dash | [Pacific|ISO Power Gas Share (NG/TotalGen %)] iso charts=1
2026-04-28 11:23:06 | INFO | regional_dash | [Pacific|CAISO] filtered rows=4126
2026-04-28 11:23:06 | INFO | regional_dash | [Pacific|CAISO] filtered date range=2015-01-01..2026-04-23
2026-04-28 11:23:06 | INFO | regional_dash | [Pacific|CAISO] 3 months chosen: Apr-2026, May-2026, Jun-2026
2026-04-28 11:23:06 | INFO | regional_dash | [Pacific|CAISO] current_week_end=2026-05-04, plotted week_ends=2026-02-16..2026-07-27
2026-04-28 11:23:06 | INFO | regional_dash | [South Central|Power] filtered rows=4150
2026-04-28 11:23:06 | INFO | regional_dash | [South Central|Power] filtered date range=2015-01-01..2026-05-12
2026-04-28 11:23:06 | INFO | regional_dash | [South Central|Power] 3 months chosen: Apr-2026, May-2026, Jun-2026
2026-04-28 11:23:06 | INFO | regional_dash | [South Central|Power] current_week_end=2026-05-04, plotted week_ends=2026-02-16..2026-07-27
2026-04-28 11:23:06 | INFO | regional_dash | [South Central|ResCom] filtered rows=4150
2026-04-28 11:23:06 | INFO | regional_dash | [South Central|ResCom] filtered date range=2015-01-01..2026-05-12
2026-04-28 11:23:06 | INFO | regional_dash | [South Central|ResCom] 3 months chosen: Apr-2026, May-2026, Jun-2026
2026-04-28 11:23:06 | INFO | regional_dash | [South Central|ResCom] current_week_end=2026-05-04, plotted week_ends=2026-02-16..2026-07-27
2026-04-28 11:23:06 | INFO | regional_dash | [South Central|Prod] filtered rows=4199
2026-04-28 11:23:06 | INFO | regional_dash | [South Central|Prod] filtered date range=2015-01-01..2026-06-30
2026-04-28 11:23:06 | INFO | regional_dash | [South Central|Prod] 3 months chosen: Apr-2026, May-2026, Jun-2026
2026-04-28 11:23:06 | INFO | regional_dash | [South Central|Prod] current_week_end=2026-05-04, plotted week_ends=2026-02-16..2026-07-27
2026-04-28 11:23:07 | INFO | regional_dash | [South Central|Balance] filtered rows=4199
2026-04-28 11:23:07 | INFO | regional_dash | [South Central|Balance] filtered date range=2015-01-01..2026-06-30
2026-04-28 11:23:07 | INFO | regional_dash | [South Central|Balance] 3 months chosen: Apr-2026, May-2026, Jun-2026
2026-04-28 11:23:07 | INFO | regional_dash | [South Central|Balance] current_week_end=2026-05-04, plotted week_ends=2026-02-16..2026-07-27
2026-04-28 11:23:07 | INFO | regional_dash | [South Central|ISO Power Gas Share (NG/TotalGen %)] iso charts=2
2026-04-28 11:23:07 | INFO | regional_dash | [South Central|ERCOT] filtered rows=2832
2026-04-28 11:23:07 | INFO | regional_dash | [South Central|ERCOT] filtered date range=2018-07-02..2026-04-22
2026-04-28 11:23:07 | INFO | regional_dash | [South Central|ERCOT] 3 months chosen: Apr-2026, May-2026, Jun-2026
2026-04-28 11:23:07 | INFO | regional_dash | [South Central|ERCOT] current_week_end=2026-05-04, plotted week_ends=2026-02-16..2026-07-27
2026-04-28 11:23:07 | INFO | regional_dash | [South Central|SPP] filtered rows=4131
2026-04-28 11:23:07 | INFO | regional_dash | [South Central|SPP] filtered date range=2015-01-01..2026-04-23
2026-04-28 11:23:07 | INFO | regional_dash | [South Central|SPP] 3 months chosen: Apr-2026, May-2026, Jun-2026
2026-04-28 11:23:07 | INFO | regional_dash | [South Central|SPP] current_week_end=2026-05-04, plotted week_ends=2026-02-16..2026-07-27
2026-04-28 11:23:09 | INFO | regional_dash | Combined WEATHER_for_charting rows=639417 city_count=107 range=2010-01-01..2026-05-12
2026-04-28 11:23:09 | WARNING | regional_dash | EuroWeekly forecast history not found: C:\Users\patri\OneDrive\Desktop\trader-helper-bing\CONUSDash\EuroWeekly\DATA\forecast_history.csv
2026-04-28 11:23:09 | INFO | regional_dash | [Lower48|Weather] selected cities: KNYC(5961d), KLAX(5961d), KORD(5961d)
2026-04-28 11:23:09 | INFO | regional_dash | [Northeast|Weather] selected cities: KNYC(5961d), KPHL(5958d), KBOS(5961d)
2026-04-28 11:23:09 | INFO | regional_dash | [Southeast|Weather] selected cities: KDCA(5961d), KMIA(5958d), KATL(5961d)
2026-04-28 11:23:09 | INFO | regional_dash | [Midwest|Weather] selected cities: KORD(5961d), KDTW(5958d), KMSP(5961d)
2026-04-28 11:23:09 | INFO | regional_dash | [Rockies|Weather] selected cities: KPHX(5961d), KDEN(5961d), KLAS(5961d)
2026-04-28 11:23:09 | INFO | regional_dash | [Pacific|Weather] selected cities: KLAX(5961d), KSEA(5961d), KPDX(5961d)
2026-04-28 11:23:09 | INFO | regional_dash | [South Central|Weather] selected cities: KDFW(5961d), KOKC(5961d), KMSY(5961d)
2026-04-28 11:23:13 | INFO | regional_dash | [Lower48|Weather] plotted cities=KNYC, KLAX, KORD range=2026-02-28..2026-05-12 euro_end=None
2026-04-28 11:23:18 | INFO | regional_dash | [Northeast|Weather] plotted cities=KNYC, KPHL, KBOS range=2026-02-28..2026-05-12 euro_end=None
2026-04-28 11:23:22 | INFO | regional_dash | [Southeast|Weather] plotted cities=KDCA, KMIA, KATL range=2026-02-28..2026-05-12 euro_end=None
2026-04-28 11:23:25 | INFO | regional_dash | [Midwest|Weather] plotted cities=KORD, KDTW, KMSP range=2026-02-28..2026-05-12 euro_end=None
2026-04-28 11:23:30 | INFO | regional_dash | [Rockies|Weather] plotted cities=KPHX, KDEN, KLAS range=2026-02-28..2026-05-12 euro_end=None
2026-04-28 11:23:34 | INFO | regional_dash | [Pacific|Weather] plotted cities=KLAX, KSEA, KPDX range=2026-02-28..2026-05-12 euro_end=None
2026-04-28 11:23:38 | INFO | regional_dash | [South Central|Weather] plotted cities=KDFW, KOKC, KMSY range=2026-02-28..2026-05-12 euro_end=None
C:\Users\patri\OneDrive\Desktop\trader-helper-bing\CONUSDash\RegionalDash\src\regional_dash\price_analysis\loaders.py:197: PerformanceWarning: DataFrame is highly fragmented.  This is usually the result of calling `frame.insert` many times, which has poor performance.  Consider joining all columns at once using pd.concat(axis=1) instead. To get a de-fragmented frame, use `newframe = frame.copy()`
  prices["Date_dt"] = pd.to_datetime(prices["Date"], errors="coerce")
2026-04-28 11:23:38 | INFO | regional_dash | Price analysis loaded PRICES rows=9616 components=240 range=2000-01-01..2026-04-29
2026-04-28 11:23:38 | INFO | regional_dash | Price analysis loaded ICE_Forward_Settles rows=128278 fin_basis=62 contracts=24 range=2025-01-02..2026-04-27
2026-04-28 11:23:38 | INFO | regional_dash | Price analysis loaded ForwardMarks entries=184
2026-04-28 11:23:38 | INFO | regional_dash | Price analysis loaded BalMo entries=2
2026-04-28 11:23:39 | WARNING | regional_dash | Price analysis missing groups file: C:\Users\patri\OneDrive\Desktop\trader-helper-bing\CONUSDash\PriceGrouper\OUTPUT\Optimized_2Year_Basis_Groups.csv
2026-04-28 11:23:39 | INFO | regional_dash | Price analysis active components=149 (threshold=0.75 lookback=90d)
2026-04-28 11:23:39 | WARNING | regional_dash | Groups mapping empty after filtering; falling back to PriceAdmin PriceRegion.
2026-04-28 11:23:39 | INFO | regional_dash | Price analysis criterion regions with selections: Lower48:18, Northeast:4, Southeast:1, Midwest:3, Rockies:5, Pacific:3, South Central:10
2026-04-28 11:23:40 | INFO | regional_dash | Price analysis effective as-of: 2026-04-29
2026-04-28 11:23:40 | INFO | regional_dash | Price chart saved: C:\Users\patri\OneDrive\Desktop\trader-helper-bing\INFO\PUBLICOUTPUT\RegionalDash\images\price\midwest_chicago\regional_basis.png
2026-04-28 11:23:41 | INFO | regional_dash | Spread heatmaps saved for Midwest - Chicago count=3
2026-04-28 11:23:41 | INFO | regional_dash | Forward month chart omitted 1 components with no cached symbol data for Midwest - Chicago
2026-04-28 11:23:41 | INFO | regional_dash | Forward month chart saved: C:\Users\patri\OneDrive\Desktop\trader-helper-bing\INFO\PUBLICOUTPUT\RegionalDash\images\price\midwest_chicago\forward_month.png
2026-04-28 11:23:53 | INFO | regional_dash | Price chart saved: C:\Users\patri\OneDrive\Desktop\trader-helper-bing\INFO\PUBLICOUTPUT\RegionalDash\images\price\midwest_demand\regional_basis.png
2026-04-28 11:23:54 | INFO | regional_dash | Spread heatmaps saved for Midwest - Demand count=3
2026-04-28 11:23:54 | INFO | regional_dash | Forward month chart omitted 1 components with no cached symbol data for Midwest - Demand
2026-04-28 11:23:54 | INFO | regional_dash | Forward month chart saved: C:\Users\patri\OneDrive\Desktop\trader-helper-bing\INFO\PUBLICOUTPUT\RegionalDash\images\price\midwest_demand\forward_month.png
2026-04-28 11:23:59 | INFO | regional_dash | Price chart saved: C:\Users\patri\OneDrive\Desktop\trader-helper-bing\INFO\PUBLICOUTPUT\RegionalDash\images\price\mountain_opal\regional_basis.png
2026-04-28 11:23:59 | INFO | regional_dash | Spread heatmaps saved for Mountain - Opal count=3
2026-04-28 11:23:59 | INFO | regional_dash | Forward month chart saved: C:\Users\patri\OneDrive\Desktop\trader-helper-bing\INFO\PUBLICOUTPUT\RegionalDash\images\price\mountain_opal\forward_month.png
2026-04-28 11:24:05 | INFO | regional_dash | Price chart saved: C:\Users\patri\OneDrive\Desktop\trader-helper-bing\INFO\PUBLICOUTPUT\RegionalDash\images\price\mountain_panhandle\regional_basis.png
2026-04-28 11:24:05 | INFO | regional_dash | Spread heatmaps saved for Mountain - Panhandle count=3
2026-04-28 11:24:07 | INFO | regional_dash | Price chart saved: C:\Users\patri\OneDrive\Desktop\trader-helper-bing\INFO\PUBLICOUTPUT\RegionalDash\images\price\mountain_rockies\regional_basis.png
2026-04-28 11:24:08 | INFO | regional_dash | Spread heatmaps saved for Mountain - Rockies count=3
2026-04-28 11:24:08 | INFO | regional_dash | Forward month chart omitted 3 components with no cached symbol data for Mountain - Rockies
2026-04-28 11:24:08 | INFO | regional_dash | Forward month chart saved: C:\Users\patri\OneDrive\Desktop\trader-helper-bing\INFO\PUBLICOUTPUT\RegionalDash\images\price\mountain_rockies\forward_month.png
2026-04-28 11:24:15 | INFO | regional_dash | Price chart saved: C:\Users\patri\OneDrive\Desktop\trader-helper-bing\INFO\PUBLICOUTPUT\RegionalDash\images\price\mountain_westex\regional_basis.png
2026-04-28 11:24:16 | INFO | regional_dash | Spread heatmaps saved for Mountain - WesTex count=3
2026-04-28 11:24:16 | INFO | regional_dash | Forward month chart omitted 3 components with no cached symbol data for Mountain - WesTex
2026-04-28 11:24:16 | INFO | regional_dash | Forward month chart saved: C:\Users\patri\OneDrive\Desktop\trader-helper-bing\INFO\PUBLICOUTPUT\RegionalDash\images\price\mountain_westex\forward_month.png
2026-04-28 11:24:26 | INFO | regional_dash | Price chart saved: C:\Users\patri\OneDrive\Desktop\trader-helper-bing\INFO\PUBLICOUTPUT\RegionalDash\images\price\northeast_appalachia\regional_basis.png
2026-04-28 11:24:28 | INFO | regional_dash | Spread heatmaps saved for Northeast - Appalachia count=3
2026-04-28 11:24:28 | INFO | regional_dash | Forward month chart omitted 5 components with no cached symbol data for Northeast - Appalachia
2026-04-28 11:24:28 | INFO | regional_dash | Forward month chart saved: C:\Users\patri\OneDrive\Desktop\trader-helper-bing\INFO\PUBLICOUTPUT\RegionalDash\images\price\northeast_appalachia\forward_month.png
2026-04-28 11:24:47 | INFO | regional_dash | Price chart saved: C:\Users\patri\OneDrive\Desktop\trader-helper-bing\INFO\PUBLICOUTPUT\RegionalDash\images\price\northeast_demand\regional_basis.png
2026-04-28 11:24:49 | INFO | regional_dash | Spread heatmaps saved for Northeast - Demand count=3
2026-04-28 11:24:49 | INFO | regional_dash | Forward month chart omitted 2 components with no cached symbol data for Northeast - Demand
2026-04-28 11:24:49 | INFO | regional_dash | Forward month chart saved: C:\Users\patri\OneDrive\Desktop\trader-helper-bing\INFO\PUBLICOUTPUT\RegionalDash\images\price\northeast_demand\forward_month.png
2026-04-28 11:25:11 | INFO | regional_dash | Price chart saved: C:\Users\patri\OneDrive\Desktop\trader-helper-bing\INFO\PUBLICOUTPUT\RegionalDash\images\price\northeast_demand_rest\regional_basis.png
2026-04-28 11:25:12 | INFO | regional_dash | Spread heatmaps saved for Northeast - Demand Rest count=3
2026-04-28 11:25:12 | INFO | regional_dash | Forward month chart omitted 2 components with no cached symbol data for Northeast - Demand Rest
2026-04-28 11:25:12 | INFO | regional_dash | Forward month chart saved: C:\Users\patri\OneDrive\Desktop\trader-helper-bing\INFO\PUBLICOUTPUT\RegionalDash\images\price\northeast_demand_rest\forward_month.png
2026-04-28 11:25:19 | INFO | regional_dash | Price chart saved: C:\Users\patri\OneDrive\Desktop\trader-helper-bing\INFO\PUBLICOUTPUT\RegionalDash\images\price\southcentral_henry\regional_basis.png
2026-04-28 11:25:20 | INFO | regional_dash | Spread heatmaps saved for SouthCentral - Henry count=3
2026-04-28 11:25:20 | INFO | regional_dash | Forward month chart omitted 1 components with no cached symbol data for SouthCentral - Henry
2026-04-28 11:25:20 | INFO | regional_dash | Forward month chart saved: C:\Users\patri\OneDrive\Desktop\trader-helper-bing\INFO\PUBLICOUTPUT\RegionalDash\images\price\southcentral_henry\forward_month.png
2026-04-28 11:25:30 | INFO | regional_dash | Price chart saved: C:\Users\patri\OneDrive\Desktop\trader-helper-bing\INFO\PUBLICOUTPUT\RegionalDash\images\price\southcentral_mexico\regional_basis.png
2026-04-28 11:25:30 | INFO | regional_dash | Spread heatmaps saved for SouthCentral - Mexico count=3
2026-04-28 11:25:31 | INFO | regional_dash | Forward month chart omitted 1 components with no cached symbol data for SouthCentral - Mexico
2026-04-28 11:25:31 | INFO | regional_dash | Forward month chart saved: C:\Users\patri\OneDrive\Desktop\trader-helper-bing\INFO\PUBLICOUTPUT\RegionalDash\images\price\southcentral_mexico\forward_month.png
2026-04-28 11:25:34 | INFO | regional_dash | Price chart saved: C:\Users\patri\OneDrive\Desktop\trader-helper-bing\INFO\PUBLICOUTPUT\RegionalDash\images\price\southcentral_midcon\regional_basis.png
2026-04-28 11:25:34 | INFO | regional_dash | Spread heatmaps saved for SouthCentral - Midcon count=3
2026-04-28 11:25:34 | INFO | regional_dash | Forward month chart saved: C:\Users\patri\OneDrive\Desktop\trader-helper-bing\INFO\PUBLICOUTPUT\RegionalDash\images\price\southcentral_midcon\forward_month.png
2026-04-28 11:25:44 | INFO | regional_dash | Price chart saved: C:\Users\patri\OneDrive\Desktop\trader-helper-bing\INFO\PUBLICOUTPUT\RegionalDash\images\price\southcentral_perryville\regional_basis.png
2026-04-28 11:25:45 | INFO | regional_dash | Spread heatmaps saved for SouthCentral - Perryville count=3
2026-04-28 11:25:45 | INFO | regional_dash | Forward month chart omitted 2 components with no cached symbol data for SouthCentral - Perryville
2026-04-28 11:25:45 | INFO | regional_dash | Forward month chart saved: C:\Users\patri\OneDrive\Desktop\trader-helper-bing\INFO\PUBLICOUTPUT\RegionalDash\images\price\southcentral_perryville\forward_month.png
2026-04-28 11:26:00 | INFO | regional_dash | Price chart saved: C:\Users\patri\OneDrive\Desktop\trader-helper-bing\INFO\PUBLICOUTPUT\RegionalDash\images\price\southcentral_texcoast\regional_basis.png
2026-04-28 11:26:01 | INFO | regional_dash | Spread heatmaps saved for SouthCentral - TexCoast count=3
2026-04-28 11:26:01 | INFO | regional_dash | Forward month chart omitted 6 components with no cached symbol data for SouthCentral - TexCoast
2026-04-28 11:26:01 | INFO | regional_dash | Forward month chart saved: C:\Users\patri\OneDrive\Desktop\trader-helper-bing\INFO\PUBLICOUTPUT\RegionalDash\images\price\southcentral_texcoast\forward_month.png
2026-04-28 11:26:21 | INFO | regional_dash | Price chart saved: C:\Users\patri\OneDrive\Desktop\trader-helper-bing\INFO\PUBLICOUTPUT\RegionalDash\images\price\southcentral_westex\regional_basis.png
2026-04-28 11:26:21 | INFO | regional_dash | Spread heatmaps saved for SouthCentral - WesTex count=3
2026-04-28 11:26:22 | INFO | regional_dash | Forward month chart saved: C:\Users\patri\OneDrive\Desktop\trader-helper-bing\INFO\PUBLICOUTPUT\RegionalDash\images\price\southcentral_westex\forward_month.png
2026-04-28 11:26:29 | INFO | regional_dash | Price chart saved: C:\Users\patri\OneDrive\Desktop\trader-helper-bing\INFO\PUBLICOUTPUT\RegionalDash\images\price\southeast\regional_basis.png
2026-04-28 11:26:30 | INFO | regional_dash | Spread heatmaps saved for Southeast count=3
2026-04-28 11:26:30 | INFO | regional_dash | Forward month chart omitted 2 components with no cached symbol data for Southeast
2026-04-28 11:26:30 | INFO | regional_dash | Forward month chart saved: C:\Users\patri\OneDrive\Desktop\trader-helper-bing\INFO\PUBLICOUTPUT\RegionalDash\images\price\southeast\forward_month.png
2026-04-28 11:26:41 | INFO | regional_dash | Price chart saved: C:\Users\patri\OneDrive\Desktop\trader-helper-bing\INFO\PUBLICOUTPUT\RegionalDash\images\price\west_california\regional_basis.png
2026-04-28 11:26:42 | INFO | regional_dash | Spread heatmaps saved for West - California count=3
2026-04-28 11:26:42 | INFO | regional_dash | Forward month chart omitted 1 components with no cached symbol data for West - California
2026-04-28 11:26:42 | INFO | regional_dash | Forward month chart saved: C:\Users\patri\OneDrive\Desktop\trader-helper-bing\INFO\PUBLICOUTPUT\RegionalDash\images\price\west_california\forward_month.png
2026-04-28 11:26:57 | INFO | regional_dash | Price chart saved: C:\Users\patri\OneDrive\Desktop\trader-helper-bing\INFO\PUBLICOUTPUT\RegionalDash\images\price\nan\regional_basis.png
2026-04-28 11:26:59 | INFO | regional_dash | Spread heatmaps saved for nan count=3
2026-04-28 11:26:59 | INFO | regional_dash | Forward month chart omitted 12 components with no cached symbol data for nan
2026-04-28 11:26:59 | INFO | regional_dash | Forward month chart saved: C:\Users\patri\OneDrive\Desktop\trader-helper-bing\INFO\PUBLICOUTPUT\RegionalDash\images\price\nan\forward_month.png
C:\Users\patri\OneDrive\Desktop\trader-helper-bing\.venv\Lib\site-packages\pandas\io\formats\style.py:4202: RuntimeWarning: All-NaN slice encountered
  smin = np.nanmin(gmap) if vmin is None else vmin
C:\Users\patri\OneDrive\Desktop\trader-helper-bing\.venv\Lib\site-packages\pandas\io\formats\style.py:4203: RuntimeWarning: All-NaN slice encountered
  smax = np.nanmax(gmap) if vmax is None else vmax
C:\Users\patri\OneDrive\Desktop\trader-helper-bing\.venv\Lib\site-packages\pandas\io\formats\style.py:4202: RuntimeWarning: All-NaN slice encountered
  smin = np.nanmin(gmap) if vmin is None else vmin
C:\Users\patri\OneDrive\Desktop\trader-helper-bing\.venv\Lib\site-packages\pandas\io\formats\style.py:4203: RuntimeWarning: All-NaN slice encountered
  smax = np.nanmax(gmap) if vmax is None else vmax
2026-04-28 11:27:46 | WARNING | regional_dash | Price analysis: PriceGrouper script not found: C:\Users\patri\OneDrive\Desktop\trader-helper-bing\CONUSDash\PriceGrouper\PriceGrouper.py
2026-04-28 11:27:46 | WARNING | regional_dash | Price analysis: Flow analysis helpers unavailable: ModuleNotFoundError: No module named 'flowtracker'
2026-04-28 11:27:46 | INFO | regional_dash | Rendered dashboard HTML: C:\Users\patri\OneDrive\Desktop\trader-helper-bing\INFO\PUBLICOUTPUT\RegionalDash.html
2026-04-28 11:27:46 | INFO | regional_dash | Regional dashboard build complete.
